
500060720@upes-500060720 MINGW64 ~
$ cd F:

500060720@upes-500060720 MINGW64 /f
$ cd DataStructuresProject/

500060720@upes-500060720 MINGW64 /f/DataStructuresProject (master)
$ ls
Commit1.png  Commit2.png  Commit3.png  Commit4_prajjawal.png  contibutor.txt  Contributors_read.txt  DataStructuresProject/  linkedmain.cpp  linkedmain.exe*  logtillcommit3.txt

500060720@upes-500060720 MINGW64 /f/DataStructuresProject (master)
$ git pull --strategy recursive origin
Already up to date.

500060720@upes-500060720 MINGW64 /f/DataStructuresProject (master)
$ git log --oneline --decorate --graph --all
* 42eac9c (HEAD -> master, origin/master) Final changes by nIhskrarh after Prajjawal has readded
*   2ddc890 Merge branch 'insert' of https://github.com/NishkarshRaj/DataStructuresProject I have merged branch insert with master
|\
| * 8bb6d85 (origin/insert) Added some comments to look program more informative
* |   47ea128 (insert) Merge pull request #1 from NishkarshRaj/insert
|\ \
| |/
| *   8c50a74 Merge branch 'insert' of https://github.com/NishkarshRaj/DataStructuresProject into insert this is done by prakhar
| |\
| | *   59a5db6 committed changes said by nishkarsh corrected the code of insert at beginning and end
| | |\
| | | * 31e4290 Delete insert.cpp
| | | * bc340b3 Delete Commit4_prajjawal.png
| | * | ae163bc committed changes said by nishkarsh corrected the code of insert at beginning and end
| | |/
| | * 5aa5af0 committed changes said by nishkarsh corrected the code of insert at beginning and end
| | * 58629d1 committed changes said by nishkarsh corrected the code of insert at beginning and end
| | *   ef8654b Merge remote-tracking branch 'refs/remotes/origin/master' into insert oihih
| | |\
| |_|/
|/| |
| | * 4eeb825 COMMITTED THE CODE OF THE INSERTION AT THE BEGINNING
| | * 7be0961 Insertion at the beginning program
| * | e64acb9 commit made by prakhar after adding an insert function
|/ /
* | 9df483b Commit 4, added *next to class and assigned start as the first node
|/
* cc7ee41 Commit 4, added logtillcommit3.txt
* b617a3d Commit 3, added menu to linkedmain.cpp and attached picture of output
* 79a476d Linkedmain.cpp updated, specialization is added as data member to make student name more easy to identify
* 0d26b57 Created Linked List first node successfully, image uploaded for reference

500060720@upes-500060720 MINGW64 /f/DataStructuresProject (master)
$ vi linkedmain.cpp

500060720@upes-500060720 MINGW64 /f/DataStructuresProject (master)
$ git branch
  insert
* master

500060720@upes-500060720 MINGW64 /f/DataStructuresProject (master)
$ git branch delete

500060720@upes-500060720 MINGW64 /f/DataStructuresProject (master)
$ git pull --strategy recursive origin
Already up to date.

500060720@upes-500060720 MINGW64 /f/DataStructuresProject (master)
$ git pull --strategy recursive delete
fatal: 'delete' does not appear to be a git repository
fatal: Could not read from remote repository.

Please make sure you have the correct access rights
and the repository exists.

500060720@upes-500060720 MINGW64 /f/DataStructuresProject (master)
$ git pull --strategy recursive origin delete
fatal: Couldn't find remote ref delete

500060720@upes-500060720 MINGW64 /f/DataStructuresProject (master)
$ git branch delete
fatal: A branch named 'delete' already exists.

500060720@upes-500060720 MINGW64 /f/DataStructuresProject (master)
$ git checkout delete
Switched to branch 'delete'
M       linkedmain.cpp

500060720@upes-500060720 MINGW64 /f/DataStructuresProject (delete)
$ git status
On branch delete
Changes not staged for commit:
  (use "git add <file>..." to update what will be committed)
  (use "git checkout -- <file>..." to discard changes in working directory)

        modified:   linkedmain.cpp

no changes added to commit (use "git add" and/or "git commit -a")

500060720@upes-500060720 MINGW64 /f/DataStructuresProject (delete)
$ git add .

500060720@upes-500060720 MINGW64 /f/DataStructuresProject (delete)
$ git commit -m "Nishkarsh Raj Adds the code of Deletion at beginning after failed response from Parth, Nirmaljeet and Sailesh"
[delete 36d632a] Nishkarsh Raj Adds the code of Deletion at beginning after failed response from Parth, Nirmaljeet and Sailesh
 1 file changed, 3 insertions(+)

500060720@upes-500060720 MINGW64 /f/DataStructuresProject (delete)
$ git checkout master
Switched to branch 'master'
Your branch is up to date with 'origin/master'.

500060720@upes-500060720 MINGW64 /f/DataStructuresProject (master)
$ git status
On branch master
Your branch is up to date with 'origin/master'.

nothing to commit, working tree clean

500060720@upes-500060720 MINGW64 /f/DataStructuresProject (master)
$ git checkout delete
Switched to branch 'delete'

500060720@upes-500060720 MINGW64 /f/DataStructuresProject (delete)
$ git status
On branch delete
Changes not staged for commit:
  (use "git add <file>..." to update what will be committed)
  (use "git checkout -- <file>..." to discard changes in working directory)

        modified:   linkedmain.cpp

no changes added to commit (use "git add" and/or "git commit -a")

500060720@upes-500060720 MINGW64 /f/DataStructuresProject (delete)
$ git add .

500060720@upes-500060720 MINGW64 /f/DataStructuresProject (delete)
$ git commit -m "Nishkarsh Raj Khare made changes to Deletion at end on Linkedmain.cpp"
[delete 614dfe1] Nishkarsh Raj Khare made changes to Deletion at end on Linkedmain.cpp
 1 file changed, 8 insertions(+)

500060720@upes-500060720 MINGW64 /f/DataStructuresProject (delete)
$ git checkout master
Switched to branch 'master'
Your branch is up to date with 'origin/master'.

500060720@upes-500060720 MINGW64 /f/DataStructuresProject (master)
$ git checkout delete
Switched to branch 'delete'

500060720@upes-500060720 MINGW64 /f/DataStructuresProject (delete)
$ vi linkedmain.cpp

500060720@upes-500060720 MINGW64 /f/DataStructuresProject (delete)
$ git status
On branch delete
Changes not staged for commit:
  (use "git add <file>..." to update what will be committed)
  (use "git checkout -- <file>..." to discard changes in working directory)

        modified:   linkedmain.cpp

no changes added to commit (use "git add" and/or "git commit -a")

500060720@upes-500060720 MINGW64 /f/DataStructuresProject (delete)
$ git add .

500060720@upes-500060720 MINGW64 /f/DataStructuresProject (delete)
$ git commit -m "Nishkarsh Raj Khare adds the last two fields and finishes the Project"
[delete f06a99e] Nishkarsh Raj Khare adds the last two fields and finishes the Project
 1 file changed, 21 insertions(+)

500060720@upes-500060720 MINGW64 /f/DataStructuresProject (delete)
$ git checkout master
Switched to branch 'master'
Your branch is up to date with 'origin/master'.

500060720@upes-500060720 MINGW64 /f/DataStructuresProject (master)
$ git merge
Already up to date.

500060720@upes-500060720 MINGW64 /f/DataStructuresProject (master)
$ git push -u origin master
fatal: HttpRequestException encountered.
   An error occurred while sending the request.
Username for 'https://github.com': 500060720@stu.upes.ac.in
Everything up-to-date
Branch 'master' set up to track remote branch 'master' from 'origin'.

500060720@upes-500060720 MINGW64 /f/DataStructuresProject (master)
$



